Archive member included because of file (symbol)

/Users/willemolding/pebble-dev/PebbleSDK-3.6-dp2/Pebble/basalt/lib/libpebble.a(tmpts16sopebble.o)
                              src/pebtides_time.c.12.o (app_event_loop)
/Users/willemolding/pebble-dev/arm-cs-tools/bin/../lib/gcc/arm-none-eabi/4.7.2/thumb2/libgcc.a(_arm_addsubdf3.o)
                              src/tide_data.c.12.o (__aeabi_dadd)
/Users/willemolding/pebble-dev/arm-cs-tools/bin/../lib/gcc/arm-none-eabi/4.7.2/thumb2/libgcc.a(_arm_muldivdf3.o)
                              src/tide_data.c.12.o (__aeabi_dmul)
/Users/willemolding/pebble-dev/arm-cs-tools/bin/../lib/gcc/arm-none-eabi/4.7.2/thumb2/libgcc.a(_arm_fixdfsi.o)
                              src/tide_data.c.12.o (__aeabi_d2iz)
/Users/willemolding/pebble-dev/arm-cs-tools/bin/../lib/gcc/arm-none-eabi/4.7.2/thumb2/libgcc.a(_arm_addsubsf3.o)
                              src/tide_data.c.12.o (__aeabi_fadd)
/Users/willemolding/pebble-dev/arm-cs-tools/bin/../lib/gcc/arm-none-eabi/4.7.2/thumb2/libgcc.a(_arm_muldivsf3.o)
                              src/pebtides_time.c.12.o (__aeabi_fmul)
/Users/willemolding/pebble-dev/arm-cs-tools/bin/../lib/gcc/arm-none-eabi/4.7.2/thumb2/libgcc.a(_arm_fixsfsi.o)
                              src/pebtides_time.c.12.o (__aeabi_f2iz)

Allocating common symbols
Common symbol       size              file

wave_layer          0x4               src/pebtides_time.c.12.o
tide_event_text_layer
                    0x4               src/pebtides_time.c.12.o
surf_data           0x14              src/pebtides_time.c.12.o
current_height      0x4               src/pebtides_time.c.12.o
tide_data           0xec              src/pebtides_time.c.12.o

Discarded input sections

 .text          0x0000000000000000        0x0 /Users/willemolding/pebble-dev/arm-cs-tools/bin/../lib/gcc/arm-none-eabi/4.7.2/thumb2/crti.o
 .bss           0x0000000000000000        0x0 /Users/willemolding/pebble-dev/arm-cs-tools/bin/../lib/gcc/arm-none-eabi/4.7.2/thumb2/crti.o
 .init          0x0000000000000000        0x4 /Users/willemolding/pebble-dev/arm-cs-tools/bin/../lib/gcc/arm-none-eabi/4.7.2/thumb2/crti.o
 .fini          0x0000000000000000        0x4 /Users/willemolding/pebble-dev/arm-cs-tools/bin/../lib/gcc/arm-none-eabi/4.7.2/thumb2/crti.o
 .text          0x0000000000000000       0xc8 /Users/willemolding/pebble-dev/arm-cs-tools/bin/../lib/gcc/arm-none-eabi/4.7.2/thumb2/crtbegin.o
 .bss           0x0000000000000000       0x1c /Users/willemolding/pebble-dev/arm-cs-tools/bin/../lib/gcc/arm-none-eabi/4.7.2/thumb2/crtbegin.o
 .init_array    0x0000000000000000        0x4 /Users/willemolding/pebble-dev/arm-cs-tools/bin/../lib/gcc/arm-none-eabi/4.7.2/thumb2/crtbegin.o
 .fini_array    0x0000000000000000        0x4 /Users/willemolding/pebble-dev/arm-cs-tools/bin/../lib/gcc/arm-none-eabi/4.7.2/thumb2/crtbegin.o
 .eh_frame      0x0000000000000000        0x0 /Users/willemolding/pebble-dev/arm-cs-tools/bin/../lib/gcc/arm-none-eabi/4.7.2/thumb2/crtbegin.o
 .jcr           0x0000000000000000        0x0 /Users/willemolding/pebble-dev/arm-cs-tools/bin/../lib/gcc/arm-none-eabi/4.7.2/thumb2/crtbegin.o
 .tm_clone_table
                0x0000000000000000        0x0 /Users/willemolding/pebble-dev/arm-cs-tools/bin/../lib/gcc/arm-none-eabi/4.7.2/thumb2/crtbegin.o
 .text          0x0000000000000000        0x0 src/pebtides_time.c.12.o
 .bss           0x0000000000000000        0x0 src/pebtides_time.c.12.o
 .data.level_height
                0x0000000000000000        0x4 src/pebtides_time.c.12.o
 .text          0x0000000000000000        0x0 src/tide_data.c.12.o
 .bss           0x0000000000000000        0x0 src/tide_data.c.12.o
 .text          0x0000000000000000        0x0 basalt/appinfo.auto.c.12.o
 .bss           0x0000000000000000        0x0 basalt/appinfo.auto.c.12.o
 .bss           0x0000000000000000        0x0 /Users/willemolding/pebble-dev/PebbleSDK-3.6-dp2/Pebble/basalt/lib/libpebble.a(tmpts16sopebble.o)
 .text.accel_data_service_subscribe__deprecated
                0x0000000000000000        0xc /Users/willemolding/pebble-dev/PebbleSDK-3.6-dp2/Pebble/basalt/lib/libpebble.a(tmpts16sopebble.o)
 .text.accel_data_service_unsubscribe
                0x0000000000000000        0xc /Users/willemolding/pebble-dev/PebbleSDK-3.6-dp2/Pebble/basalt/lib/libpebble.a(tmpts16sopebble.o)
 .text.accel_service_peek
                0x0000000000000000        0xc /Users/willemolding/pebble-dev/PebbleSDK-3.6-dp2/Pebble/basalt/lib/libpebble.a(tmpts16sopebble.o)
 .text.accel_service_set_samples_per_update
                0x0000000000000000        0xc /Users/willemolding/pebble-dev/PebbleSDK-3.6-dp2/Pebble/basalt/lib/libpebble.a(tmpts16sopebble.o)
 .text.accel_service_set_sampling_rate
                0x0000000000000000        0xc /Users/willemolding/pebble-dev/PebbleSDK-3.6-dp2/Pebble/basalt/lib/libpebble.a(tmpts16sopebble.o)
 .text.accel_tap_service_subscribe
[...]
Memory Configuration

Name             Origin             Length             Attributes
APP              0x0000000000000000 0x0000000000010000 xrw
*default*        0x0000000000000000 0xffffffffffffffff

Linker script and memory map

LOAD /Users/willemolding/pebble-dev/arm-cs-tools/bin/../lib/gcc/arm-none-eabi/4.7.2/thumb2/crti.o
LOAD /Users/willemolding/pebble-dev/arm-cs-tools/bin/../lib/gcc/arm-none-eabi/4.7.2/thumb2/crtbegin.o
LOAD src/pebtides_time.c.12.o
LOAD src/tide_data.c.12.o
LOAD basalt/appinfo.auto.c.12.o
LOAD /Users/willemolding/pebble-dev/PebbleSDK-3.6-dp2/Pebble/basalt/lib/libpebble.a
START GROUP
LOAD /Users/willemolding/pebble-dev/arm-cs-tools/bin/../lib/gcc/arm-none-eabi/4.7.2/thumb2/libgcc.a
LOAD /Users/willemolding/pebble-dev/arm-cs-tools/bin/../lib/gcc/arm-none-eabi/4.7.2/../../../../arm-none-eabi/lib/thumb2/libc.a
END GROUP
LOAD /Users/willemolding/pebble-dev/arm-cs-tools/bin/../lib/gcc/arm-none-eabi/4.7.2/thumb2/crtend.o
LOAD /Users/willemolding/pebble-dev/arm-cs-tools/bin/../lib/gcc/arm-none-eabi/4.7.2/thumb2/crtn.o

.header         0x0000000000000000       0x82
 *(.pbl_header)
 .pbl_header    0x0000000000000000       0x82 basalt/appinfo.auto.c.12.o
                0x0000000000000000                __pbl_app_info

.note.gnu.build-id
                0x0000000000000082       0x26
                0x0000000000000082                PROVIDE (BUILD_ID, .)
 *(.note.gnu.build-id)
 *fill*         0x0000000000000082        0x2 
 .note.gnu.build-id
                0x0000000000000084       0x24 linker stubs

.text           0x00000000000000a8     0x1ff5
 *(.text)
 .text          0x00000000000000a8       0x14 /Users/willemolding/pebble-dev/PebbleSDK-3.6-dp2/Pebble/basalt/lib/libpebble.a(tmpts16sopebble.o)
 .text          0x00000000000000bc      0x370 /Users/willemolding/pebble-dev/arm-cs-tools/bin/../lib/gcc/arm-none-eabi/4.7.2/thumb2/libgcc.a(_arm_addsubdf3.o)
                0x00000000000000bc                __aeabi_drsub
                0x00000000000000c4                __subdf3
                0x00000000000000c4                __aeabi_dsub
                0x00000000000000c8                __aeabi_dadd
                0x00000000000000c8                __adddf3
                0x0000000000000340                __aeabi_ui2d
                0x0000000000000340                __floatunsidf
                0x0000000000000360                __floatsidf
                0x0000000000000360                __aeabi_i2d
                0x0000000000000384                __extendsfdf2
                0x0000000000000384                __aeabi_f2d
                0x00000000000003c0                __aeabi_ul2d
                0x00000000000003c0                __floatundidf
                0x00000000000003d0                __aeabi_l2d
                0x00000000000003d0                __floatdidf
 .text          0x000000000000042c      0x424 /Users/willemolding/pebble-dev/arm-cs-tools/bin/../lib/gcc/arm-none-eabi/4.7.2/thumb2/libgcc.a(_arm_muldivdf3.o)
                0x000000000000042c                __aeabi_dmul
                0x000000000000042c                __muldf3
                0x0000000000000680                __aeabi_ddiv
                0x0000000000000680                __divdf3
 .text          0x0000000000000850       0x50 /Users/willemolding/pebble-dev/arm-cs-tools/bin/../lib/gcc/arm-none-eabi/4.7.2/thumb2/libgcc.a(_arm_fixdfsi.o)
                0x0000000000000850                __fixdfsi
                0x0000000000000850                __aeabi_d2iz
 .text          0x00000000000008a0      0x21c /Users/willemolding/pebble-dev/arm-cs-tools/bin/../lib/gcc/arm-none-eabi/4.7.2/thumb2/libgcc.a(_arm_addsubsf3.o)
                0x00000000000008a0                __aeabi_frsub
                0x00000000000008a8                __aeabi_fsub
                0x00000000000008a8                __subsf3
                0x00000000000008ac                __aeabi_fadd
                0x00000000000008ac                __addsf3
                0x0000000000000a0c                __aeabi_ui2f
                0x0000000000000a0c                __floatunsisf
                0x0000000000000a14                __floatsisf
                0x0000000000000a14                __aeabi_i2f
                0x0000000000000a30                __aeabi_ul2f
                0x0000000000000a30                __floatundisf
                0x0000000000000a40                __aeabi_l2f
                0x0000000000000a40                __floatdisf
 .text          0x0000000000000abc      0x2a0 /Users/willemolding/pebble-dev/arm-cs-tools/bin/../lib/gcc/arm-none-eabi/4.7.2/thumb2/libgcc.a(_arm_muldivsf3.o)
                0x0000000000000abc                __mulsf3
                0x0000000000000abc                __aeabi_fmul
                0x0000000000000c24                __divsf3
                0x0000000000000c24                __aeabi_fdiv
 .text          0x0000000000000d5c       0x4c /Users/willemolding/pebble-dev/arm-cs-tools/bin/../lib/gcc/arm-none-eabi/4.7.2/thumb2/libgcc.a(_arm_fixsfsi.o)
                0x0000000000000d5c                __fixsfsi
                0x0000000000000d5c                __aeabi_f2iz
 *(.text.*)
 .text.inbox_dropped_callback
                0x0000000000000da8       0x18 src/pebtides_time.c.12.o
 .text.push_error
                0x0000000000000dc0       0xf8 src/pebtides_time.c.12.o
 .text.update_time
                0x0000000000000eb8       0x24 src/pebtides_time.c.12.o
 .text.tick_handler
                0x0000000000000edc        0x4 src/pebtides_time.c.12.o
 .text.update_display_data
                0x0000000000000ee0       0x98 src/pebtides_time.c.12.o
 .text.inbox_received_callback
                0x0000000000000f78      0x134 src/pebtides_time.c.12.o
 .text.window_load
                0x00000000000010ac      0x2e0 src/pebtides_time.c.12.o
 .text.hands_update_proc
                0x000000000000138c       0xb4 src/pebtides_time.c.12.o
 .text.canvas_update_proc
                0x0000000000001440      0x1ac src/pebtides_time.c.12.o
 .text.wave_layer_update_callback
                0x00000000000015ec      0x134 src/pebtides_time.c.12.o
 .text.error_layer_config_provider
                0x0000000000001720       0x10 src/pebtides_time.c.12.o
                0x0000000000001720                error_layer_config_provider
 .text.error_back_click_handler
                0x0000000000001730        0x6 src/pebtides_time.c.12.o
                0x0000000000001730                error_back_click_handler
 *fill*         0x0000000000001736        0x2 
 .text.startup.main
                0x0000000000001738      0x280 src/pebtides_time.c.12.o
                0x0000000000001738                main
 .text.store_tide_data
                0x00000000000019b8       0x60 src/tide_data.c.12.o
                0x00000000000019b8                store_tide_data
 .text.load_tide_data
                0x0000000000001a18       0x74 src/tide_data.c.12.o
                0x0000000000001a18                load_tide_data
 .text.find_min
                0x0000000000001a8c       0x1c src/tide_data.c.12.o
                0x0000000000001a8c                find_min
 .text.find_max
                0x0000000000001aa8       0x1c src/tide_data.c.12.o
                0x0000000000001aa8                find_max
 .text.get_tide_at_time
                0x0000000000001ac4       0xdc src/tide_data.c.12.o
                0x0000000000001ac4                get_tide_at_time
 .text.get_time_to_next_low
                0x0000000000001ba0       0x34 src/tide_data.c.12.o
                0x0000000000001ba0                get_time_to_next_low
 .text.get_tide_period
                0x0000000000001bd4       0x3a src/tide_data.c.12.o
                0x0000000000001bd4                get_tide_period
 *fill*         0x0000000000001c0e        0x2 
 .text.app_event_loop
                0x0000000000001c10        0xc /Users/willemolding/pebble-dev/PebbleSDK-3.6-dp2/Pebble/basalt/lib/libpebble.a(tmpts16sopebble.o)
                0x0000000000001c10                app_event_loop
 .text.app_log  0x0000000000001c1c        0xc /Users/willemolding/pebble-dev/PebbleSDK-3.6-dp2/Pebble/basalt/lib/libpebble.a(tmpts16sopebble.o)
                0x0000000000001c1c                app_log
 .text.app_message_open
                0x0000000000001c28        0xc /Users/willemolding/pebble-dev/PebbleSDK-3.6-dp2/Pebble/basalt/lib/libpebble.a(tmpts16sopebble.o)
                0x0000000000001c28                app_message_open
 .text.bitmap_layer_create
                0x0000000000001c34        0xc /Users/willemolding/pebble-dev/PebbleSDK-3.6-dp2/Pebble/basalt/lib/libpebble.a(tmpts16sopebble.o)
                0x0000000000001c34                bitmap_layer_create
 .text.bitmap_layer_get_layer
                0x0000000000001c40        0xc /Users/willemolding/pebble-dev/PebbleSDK-3.6-dp2/Pebble/basalt/lib/libpebble.a(tmpts16sopebble.o)
                0x0000000000001c40                bitmap_layer_get_layer
 .text.bitmap_layer_set_bitmap
                0x0000000000001c4c        0xc /Users/willemolding/pebble-dev/PebbleSDK-3.6-dp2/Pebble/basalt/lib/libpebble.a(tmpts16sopebble.o)
                0x0000000000001c4c                bitmap_layer_set_bitmap
 .text.bitmap_layer_set_compositing_mode
                0x0000000000001c58        0xc /Users/willemolding/pebble-dev/PebbleSDK-3.6-dp2/Pebble/basalt/lib/libpebble.a(tmpts16sopebble.o)
                0x0000000000001c58                bitmap_layer_set_compositing_mode
 .text.bluetooth_connection_service_peek
                0x0000000000001c64        0xc /Users/willemolding/pebble-dev/PebbleSDK-3.6-dp2/Pebble/basalt/lib/libpebble.a(tmpts16sopebble.o)
                0x0000000000001c64                bluetooth_connection_service_peek
 .text.cos_lookup
                0x0000000000001c70        0xc /Users/willemolding/pebble-dev/PebbleSDK-3.6-dp2/Pebble/basalt/lib/libpebble.a(tmpts16sopebble.o)
                0x0000000000001c70                cos_lookup
 .text.dict_read_first
                0x0000000000001c7c        0xc /Users/willemolding/pebble-dev/PebbleSDK-3.6-dp2/Pebble/basalt/lib/libpebble.a(tmpts16sopebble.o)
                0x0000000000001c7c                dict_read_first
 .text.dict_read_next
                0x0000000000001c88        0xc /Users/willemolding/pebble-dev/PebbleSDK-3.6-dp2/Pebble/basalt/lib/libpebble.a(tmpts16sopebble.o)
                0x0000000000001c88                dict_read_next
 .text.fonts_get_system_font
                0x0000000000001c94        0xc /Users/willemolding/pebble-dev/PebbleSDK-3.6-dp2/Pebble/basalt/lib/libpebble.a(tmpts16sopebble.o)
                0x0000000000001c94                fonts_get_system_font
 .text.fonts_load_custom_font
                0x0000000000001ca0        0xc /Users/willemolding/pebble-dev/PebbleSDK-3.6-dp2/Pebble/basalt/lib/libpebble.a(tmpts16sopebble.o)
                0x0000000000001ca0                fonts_load_custom_font
 .text.fonts_unload_custom_font
                0x0000000000001cac        0xc /Users/willemolding/pebble-dev/PebbleSDK-3.6-dp2/Pebble/basalt/lib/libpebble.a(tmpts16sopebble.o)
                0x0000000000001cac                fonts_unload_custom_font
 .text.gbitmap_create_with_resource
                0x0000000000001cb8        0xc /Users/willemolding/pebble-dev/PebbleSDK-3.6-dp2/Pebble/basalt/lib/libpebble.a(tmpts16sopebble.o)
                0x0000000000001cb8                gbitmap_create_with_resource
 .text.gpath_create
                0x0000000000001cc4        0xc /Users/willemolding/pebble-dev/PebbleSDK-3.6-dp2/Pebble/basalt/lib/libpebble.a(tmpts16sopebble.o)
                0x0000000000001cc4                gpath_create
 .text.gpath_draw_outline
                0x0000000000001cd0        0xc /Users/willemolding/pebble-dev/PebbleSDK-3.6-dp2/Pebble/basalt/lib/libpebble.a(tmpts16sopebble.o)
                0x0000000000001cd0                gpath_draw_outline
 .text.gpath_move_to
                0x0000000000001cdc        0xc /Users/willemolding/pebble-dev/PebbleSDK-3.6-dp2/Pebble/basalt/lib/libpebble.a(tmpts16sopebble.o)
                0x0000000000001cdc                gpath_move_to
 .text.gpath_rotate_to
                0x0000000000001ce8        0xc /Users/willemolding/pebble-dev/PebbleSDK-3.6-dp2/Pebble/basalt/lib/libpebble.a(tmpts16sopebble.o)
                0x0000000000001ce8                gpath_rotate_to
 .text.graphics_draw_circle
                0x0000000000001cf4        0xc /Users/willemolding/pebble-dev/PebbleSDK-3.6-dp2/Pebble/basalt/lib/libpebble.a(tmpts16sopebble.o)
                0x0000000000001cf4                graphics_draw_circle
 .text.graphics_draw_line
                0x0000000000001d00        0xc /Users/willemolding/pebble-dev/PebbleSDK-3.6-dp2/Pebble/basalt/lib/libpebble.a(tmpts16sopebble.o)
                0x0000000000001d00                graphics_draw_line
 .text.grect_center_point
                0x0000000000001d0c        0xc /Users/willemolding/pebble-dev/PebbleSDK-3.6-dp2/Pebble/basalt/lib/libpebble.a(tmpts16sopebble.o)
                0x0000000000001d0c                grect_center_point
 .text.layer_add_child
                0x0000000000001d18        0xc /Users/willemolding/pebble-dev/PebbleSDK-3.6-dp2/Pebble/basalt/lib/libpebble.a(tmpts16sopebble.o)
                0x0000000000001d18                layer_add_child
 .text.layer_create
                0x0000000000001d24        0xc /Users/willemolding/pebble-dev/PebbleSDK-3.6-dp2/Pebble/basalt/lib/libpebble.a(tmpts16sopebble.o)
                0x0000000000001d24                layer_create
 .text.layer_destroy
                0x0000000000001d30        0xc /Users/willemolding/pebble-dev/PebbleSDK-3.6-dp2/Pebble/basalt/lib/libpebble.a(tmpts16sopebble.o)
                0x0000000000001d30                layer_destroy
 .text.layer_get_bounds
                0x0000000000001d3c        0xc /Users/willemolding/pebble-dev/PebbleSDK-3.6-dp2/Pebble/basalt/lib/libpebble.a(tmpts16sopebble.o)
                0x0000000000001d3c                layer_get_bounds
 .text.layer_mark_dirty
                0x0000000000001d48        0xc /Users/willemolding/pebble-dev/PebbleSDK-3.6-dp2/Pebble/basalt/lib/libpebble.a(tmpts16sopebble.o)
                0x0000000000001d48                layer_mark_dirty
 .text.layer_set_update_proc
                0x0000000000001d54        0xc /Users/willemolding/pebble-dev/PebbleSDK-3.6-dp2/Pebble/basalt/lib/libpebble.a(tmpts16sopebble.o)
                0x0000000000001d54                layer_set_update_proc
 .text.memcpy   0x0000000000001d60        0xc /Users/willemolding/pebble-dev/PebbleSDK-3.6-dp2/Pebble/basalt/lib/libpebble.a(tmpts16sopebble.o)
                0x0000000000001d60                memcpy
 .text.memset   0x0000000000001d6c        0xc /Users/willemolding/pebble-dev/PebbleSDK-3.6-dp2/Pebble/basalt/lib/libpebble.a(tmpts16sopebble.o)
                0x0000000000001d6c                memset
 .text.persist_exists
                0x0000000000001d78        0xc /Users/willemolding/pebble-dev/PebbleSDK-3.6-dp2/Pebble/basalt/lib/libpebble.a(tmpts16sopebble.o)
                0x0000000000001d78                persist_exists
 .text.persist_read_int
                0x0000000000001d84        0xc /Users/willemolding/pebble-dev/PebbleSDK-3.6-dp2/Pebble/basalt/lib/libpebble.a(tmpts16sopebble.o)
                0x0000000000001d84                persist_read_int
 .text.persist_write_int
                0x0000000000001d90        0xc /Users/willemolding/pebble-dev/PebbleSDK-3.6-dp2/Pebble/basalt/lib/libpebble.a(tmpts16sopebble.o)
                0x0000000000001d90                persist_write_int
 .text.persist_write_string
                0x0000000000001d9c        0xc /Users/willemolding/pebble-dev/PebbleSDK-3.6-dp2/Pebble/basalt/lib/libpebble.a(tmpts16sopebble.o)
                0x0000000000001d9c                persist_write_string
 .text.resource_get_handle
                0x0000000000001da8        0xc /Users/willemolding/pebble-dev/PebbleSDK-3.6-dp2/Pebble/basalt/lib/libpebble.a(tmpts16sopebble.o)
                0x0000000000001da8                resource_get_handle
 .text.snprintf
                0x0000000000001db4        0xc /Users/willemolding/pebble-dev/PebbleSDK-3.6-dp2/Pebble/basalt/lib/libpebble.a(tmpts16sopebble.o)
                0x0000000000001db4                snprintf
 .text.strcpy   0x0000000000001dc0        0xc /Users/willemolding/pebble-dev/PebbleSDK-3.6-dp2/Pebble/basalt/lib/libpebble.a(tmpts16sopebble.o)
                0x0000000000001dc0                strcpy
 .text.tick_timer_service_subscribe
                0x0000000000001dcc        0xc /Users/willemolding/pebble-dev/PebbleSDK-3.6-dp2/Pebble/basalt/lib/libpebble.a(tmpts16sopebble.o)
                0x0000000000001dcc                tick_timer_service_subscribe
 .text.window_create
                0x0000000000001dd8        0xc /Users/willemolding/pebble-dev/PebbleSDK-3.6-dp2/Pebble/basalt/lib/libpebble.a(tmpts16sopebble.o)
                0x0000000000001dd8                window_create
 .text.window_destroy
                0x0000000000001de4        0xc /Users/willemolding/pebble-dev/PebbleSDK-3.6-dp2/Pebble/basalt/lib/libpebble.a(tmpts16sopebble.o)
                0x0000000000001de4                window_destroy
 .text.window_get_root_layer
                0x0000000000001df0        0xc /Users/willemolding/pebble-dev/PebbleSDK-3.6-dp2/Pebble/basalt/lib/libpebble.a(tmpts16sopebble.o)
                0x0000000000001df0                window_get_root_layer
 .text.window_set_click_config_provider
                0x0000000000001dfc        0xc /Users/willemolding/pebble-dev/PebbleSDK-3.6-dp2/Pebble/basalt/lib/libpebble.a(tmpts16sopebble.o)
                0x0000000000001dfc                window_set_click_config_provider
 .text.window_set_window_handlers
                0x0000000000001e08        0xc /Users/willemolding/pebble-dev/PebbleSDK-3.6-dp2/Pebble/basalt/lib/libpebble.a(tmpts16sopebble.o)
                0x0000000000001e08                window_set_window_handlers
 .text.window_stack_pop_all
                0x0000000000001e14        0xc /Users/willemolding/pebble-dev/PebbleSDK-3.6-dp2/Pebble/basalt/lib/libpebble.a(tmpts16sopebble.o)
                0x0000000000001e14                window_stack_pop_all
 .text.window_stack_push
                0x0000000000001e20        0xc /Users/willemolding/pebble-dev/PebbleSDK-3.6-dp2/Pebble/basalt/lib/libpebble.a(tmpts16sopebble.o)
                0x0000000000001e20                window_stack_push
 .text.app_message_inbox_size_maximum
                0x0000000000001e2c        0xc /Users/willemolding/pebble-dev/PebbleSDK-3.6-dp2/Pebble/basalt/lib/libpebble.a(tmpts16sopebble.o)
                0x0000000000001e2c                app_message_inbox_size_maximum
 .text.app_message_outbox_size_maximum
                0x0000000000001e38        0xc /Users/willemolding/pebble-dev/PebbleSDK-3.6-dp2/Pebble/basalt/lib/libpebble.a(tmpts16sopebble.o)
                0x0000000000001e38                app_message_outbox_size_maximum
 .text.app_message_register_inbox_dropped
                0x0000000000001e44        0xc /Users/willemolding/pebble-dev/PebbleSDK-3.6-dp2/Pebble/basalt/lib/libpebble.a(tmpts16sopebble.o)
                0x0000000000001e44                app_message_register_inbox_dropped
 .text.app_message_register_inbox_received
                0x0000000000001e50        0xc /Users/willemolding/pebble-dev/PebbleSDK-3.6-dp2/Pebble/basalt/lib/libpebble.a(tmpts16sopebble.o)
                0x0000000000001e50                app_message_register_inbox_received
 .text.window_single_click_subscribe
                0x0000000000001e5c        0xc /Users/willemolding/pebble-dev/PebbleSDK-3.6-dp2/Pebble/basalt/lib/libpebble.a(tmpts16sopebble.o)
                0x0000000000001e5c                window_single_click_subscribe
 .text.persist_read_data
                0x0000000000001e68        0xc /Users/willemolding/pebble-dev/PebbleSDK-3.6-dp2/Pebble/basalt/lib/libpebble.a(tmpts16sopebble.o)
                0x0000000000001e68                persist_read_data
 .text.persist_read_string
                0x0000000000001e74        0xc /Users/willemolding/pebble-dev/PebbleSDK-3.6-dp2/Pebble/basalt/lib/libpebble.a(tmpts16sopebble.o)
                0x0000000000001e74                persist_read_string
 .text.persist_write_data
                0x0000000000001e80        0xc /Users/willemolding/pebble-dev/PebbleSDK-3.6-dp2/Pebble/basalt/lib/libpebble.a(tmpts16sopebble.o)
                0x0000000000001e80                persist_write_data
 .text.graphics_context_set_fill_color
                0x0000000000001e8c        0xc /Users/willemolding/pebble-dev/PebbleSDK-3.6-dp2/Pebble/basalt/lib/libpebble.a(tmpts16sopebble.o)
                0x0000000000001e8c                graphics_context_set_fill_color
 .text.graphics_context_set_stroke_color
                0x0000000000001e98        0xc /Users/willemolding/pebble-dev/PebbleSDK-3.6-dp2/Pebble/basalt/lib/libpebble.a(tmpts16sopebble.o)
                0x0000000000001e98                graphics_context_set_stroke_color
 .text.window_set_background_color
                0x0000000000001ea4        0xc /Users/willemolding/pebble-dev/PebbleSDK-3.6-dp2/Pebble/basalt/lib/libpebble.a(tmpts16sopebble.o)
                0x0000000000001ea4                window_set_background_color
 .text.localtime
                0x0000000000001eb0        0xc /Users/willemolding/pebble-dev/PebbleSDK-3.6-dp2/Pebble/basalt/lib/libpebble.a(tmpts16sopebble.o)
                0x0000000000001eb0                localtime
 .text.gbitmap_get_bounds
                0x0000000000001ebc        0xc /Users/willemolding/pebble-dev/PebbleSDK-3.6-dp2/Pebble/basalt/lib/libpebble.a(tmpts16sopebble.o)
                0x0000000000001ebc                gbitmap_get_bounds
 .text.graphics_context_set_stroke_width
                0x0000000000001ec8        0xc /Users/willemolding/pebble-dev/PebbleSDK-3.6-dp2/Pebble/basalt/lib/libpebble.a(tmpts16sopebble.o)
                0x0000000000001ec8                graphics_context_set_stroke_width
 .text.text_layer_create
                0x0000000000001ed4        0xc /Users/willemolding/pebble-dev/PebbleSDK-3.6-dp2/Pebble/basalt/lib/libpebble.a(tmpts16sopebble.o)
                0x0000000000001ed4                text_layer_create
 .text.text_layer_destroy
                0x0000000000001ee0        0xc /Users/willemolding/pebble-dev/PebbleSDK-3.6-dp2/Pebble/basalt/lib/libpebble.a(tmpts16sopebble.o)
                0x0000000000001ee0                text_layer_destroy
 .text.text_layer_get_layer
                0x0000000000001eec        0xc /Users/willemolding/pebble-dev/PebbleSDK-3.6-dp2/Pebble/basalt/lib/libpebble.a(tmpts16sopebble.o)
                0x0000000000001eec                text_layer_get_layer
 .text.text_layer_set_background_color
                0x0000000000001ef8        0xc /Users/willemolding/pebble-dev/PebbleSDK-3.6-dp2/Pebble/basalt/lib/libpebble.a(tmpts16sopebble.o)
                0x0000000000001ef8                text_layer_set_background_color
 .text.text_layer_set_font
                0x0000000000001f04        0xc /Users/willemolding/pebble-dev/PebbleSDK-3.6-dp2/Pebble/basalt/lib/libpebble.a(tmpts16sopebble.o)
                0x0000000000001f04                text_layer_set_font
 .text.text_layer_set_text
                0x0000000000001f10        0xc /Users/willemolding/pebble-dev/PebbleSDK-3.6-dp2/Pebble/basalt/lib/libpebble.a(tmpts16sopebble.o)
                0x0000000000001f10                text_layer_set_text
 .text.text_layer_set_text_alignment
                0x0000000000001f1c        0xc /Users/willemolding/pebble-dev/PebbleSDK-3.6-dp2/Pebble/basalt/lib/libpebble.a(tmpts16sopebble.o)
                0x0000000000001f1c                text_layer_set_text_alignment
 .text.text_layer_set_text_color
                0x0000000000001f28        0xc /Users/willemolding/pebble-dev/PebbleSDK-3.6-dp2/Pebble/basalt/lib/libpebble.a(tmpts16sopebble.o)
                0x0000000000001f28                text_layer_set_text_color
 .text.time     0x0000000000001f34        0xc /Users/willemolding/pebble-dev/PebbleSDK-3.6-dp2/Pebble/basalt/lib/libpebble.a(tmpts16sopebble.o)
                0x0000000000001f34                time
 .text.grect_inset
                0x0000000000001f40        0xc /Users/willemolding/pebble-dev/PebbleSDK-3.6-dp2/Pebble/basalt/lib/libpebble.a(tmpts16sopebble.o)
                0x0000000000001f40                grect_inset
 .text.graphics_fill_radial
                0x0000000000001f4c        0xc /Users/willemolding/pebble-dev/PebbleSDK-3.6-dp2/Pebble/basalt/lib/libpebble.a(tmpts16sopebble.o)
                0x0000000000001f4c                graphics_fill_radial
 *(.rodata)
 .rodata        0x0000000000001f58        0x8 src/pebtides_time.c.12.o
 *(.rodata*)
 .rodata.str1.1
                0x0000000000001f60      0x104 src/pebtides_time.c.12.o
                                        0x10c (size before relaxing)
 .rodata.str1.1
                0x0000000000002064       0x39 src/tide_data.c.12.o

.glue_7         0x00000000000020a0        0x0
 .glue_7        0x0000000000000000        0x0 linker stubs

.glue_7t        0x00000000000020a0        0x0
 .glue_7t       0x0000000000000000        0x0 linker stubs

.vfp11_veneer   0x00000000000020a0        0x0
 .vfp11_veneer  0x0000000000000000        0x0 linker stubs

.v4_bx          0x00000000000020a0        0x0
 .v4_bx         0x0000000000000000        0x0 linker stubs

.iplt           0x00000000000020a0        0x0
 .iplt          0x0000000000000000        0x0 /Users/willemolding/pebble-dev/arm-cs-tools/bin/../lib/gcc/arm-none-eabi/4.7.2/thumb2/crtbegin.o

.rel.dyn        0x00000000000020a0        0x0
 .rel.iplt      0x0000000000000000        0x0 /Users/willemolding/pebble-dev/arm-cs-tools/bin/../lib/gcc/arm-none-eabi/4.7.2/thumb2/crtbegin.o
 .rel.got       0x0000000000000000        0x0 /Users/willemolding/pebble-dev/arm-cs-tools/bin/../lib/gcc/arm-none-eabi/4.7.2/thumb2/crtbegin.o

.data           0x00000000000020a0       0x90
 *(.data)
 .data          0x00000000000020a0        0x0 /Users/willemolding/pebble-dev/arm-cs-tools/bin/../lib/gcc/arm-none-eabi/4.7.2/thumb2/crti.o
 .data          0x00000000000020a0        0x4 /Users/willemolding/pebble-dev/arm-cs-tools/bin/../lib/gcc/arm-none-eabi/4.7.2/thumb2/crtbegin.o
                0x00000000000020a0                __dso_handle
 .data          0x00000000000020a4        0x0 src/pebtides_time.c.12.o
 .data          0x00000000000020a4        0x0 src/tide_data.c.12.o
 .data          0x00000000000020a4        0x0 basalt/appinfo.auto.c.12.o
 .data          0x00000000000020a4        0x0 /Users/willemolding/pebble-dev/PebbleSDK-3.6-dp2/Pebble/basalt/lib/libpebble.a(tmpts16sopebble.o)
 .data          0x00000000000020a4        0x0 /Users/willemolding/pebble-dev/arm-cs-tools/bin/../lib/gcc/arm-none-eabi/4.7.2/thumb2/libgcc.a(_arm_addsubdf3.o)
 .data          0x00000000000020a4        0x0 /Users/willemolding/pebble-dev/arm-cs-tools/bin/../lib/gcc/arm-none-eabi/4.7.2/thumb2/libgcc.a(_arm_muldivdf3.o)
 .data          0x00000000000020a4        0x0 /Users/willemolding/pebble-dev/arm-cs-tools/bin/../lib/gcc/arm-none-eabi/4.7.2/thumb2/libgcc.a(_arm_fixdfsi.o)
 .data          0x00000000000020a4        0x0 /Users/willemolding/pebble-dev/arm-cs-tools/bin/../lib/gcc/arm-none-eabi/4.7.2/thumb2/libgcc.a(_arm_addsubsf3.o)
 .data          0x00000000000020a4        0x0 /Users/willemolding/pebble-dev/arm-cs-tools/bin/../lib/gcc/arm-none-eabi/4.7.2/thumb2/libgcc.a(_arm_muldivsf3.o)
 .data          0x00000000000020a4        0x0 /Users/willemolding/pebble-dev/arm-cs-tools/bin/../lib/gcc/arm-none-eabi/4.7.2/thumb2/libgcc.a(_arm_fixsfsi.o)
 .data          0x00000000000020a4        0x0 /Users/willemolding/pebble-dev/arm-cs-tools/bin/../lib/gcc/arm-none-eabi/4.7.2/thumb2/crtend.o
 .data          0x00000000000020a4        0x0 /Users/willemolding/pebble-dev/arm-cs-tools/bin/../lib/gcc/arm-none-eabi/4.7.2/thumb2/crtn.o
 *(.data.*)
 .data.__compound_literal.0
                0x00000000000020a4        0x8 src/pebtides_time.c.12.o
 .data.__compound_literal.2
                0x00000000000020ac       0x24 src/pebtides_time.c.12.o
 .data.__compound_literal.3
                0x00000000000020d0       0x24 src/pebtides_time.c.12.o
 .data.__compound_literal.4
                0x00000000000020f4        0x8 src/pebtides_time.c.12.o
 .data.__compound_literal.1
                0x00000000000020fc        0x8 src/pebtides_time.c.12.o
 .data.rel.ro.local.HOUR_HAND
                0x0000000000002104        0x8 src/pebtides_time.c.12.o
 .data.rel.ro.local.WIND_TICKS
                0x000000000000210c        0x8 src/pebtides_time.c.12.o
 .data.rel.ro.local.MINUTE_HAND
                0x0000000000002114        0x8 src/pebtides_time.c.12.o
 .data.rel.ro.local.SMALL_TICKS
                0x000000000000211c        0x8 src/pebtides_time.c.12.o
 .data.rel.ro.local.LARGE_TICKS
                0x0000000000002124        0x8 src/pebtides_time.c.12.o
 .data.min_height
                0x000000000000212c        0x4 src/pebtides_time.c.12.o
                0x000000000000212c                min_height

.igot.plt       0x0000000000002130        0x0
 .igot.plt      0x0000000000000000        0x0 /Users/willemolding/pebble-dev/arm-cs-tools/bin/../lib/gcc/arm-none-eabi/4.7.2/thumb2/crtbegin.o

.got            0x0000000000002130       0x10
 .got           0x0000000000002130       0x10 /Users/willemolding/pebble-dev/arm-cs-tools/bin/../lib/gcc/arm-none-eabi/4.7.2/thumb2/crtbegin.o

.got.plt        0x0000000000002140        0xc
 .got.plt       0x0000000000002140        0xc /Users/willemolding/pebble-dev/arm-cs-tools/bin/../lib/gcc/arm-none-eabi/4.7.2/thumb2/crtbegin.o
                0x0000000000002140                _GLOBAL_OFFSET_TABLE_

.bss            0x000000000000214c      0x188
 *(.bss)
 *(.bss.*)
 .bss.surf_label
                0x000000000000214c        0x4 src/pebtides_time.c.12.o
 .bss.s_minute_hand
                0x0000000000002150        0x4 src/pebtides_time.c.12.o
 .bss.s_wind_ticks
                0x0000000000002154        0x4 src/pebtides_time.c.12.o
 .bss.s_surf_font_24
                0x0000000000002158        0x4 src/pebtides_time.c.12.o
 .bss.has_data  0x000000000000215c        0x4 src/pebtides_time.c.12.o
                0x000000000000215c                has_data
 .bss.error_message
                0x0000000000002160       0x32 src/pebtides_time.c.12.o
 *fill*         0x0000000000002192        0x2 
 .bss.s_hands_layer
                0x0000000000002194        0x4 src/pebtides_time.c.12.o
 .bss.s_symbol_font_18
                0x0000000000002198        0x4 src/pebtides_time.c.12.o
 .bss.star_label
                0x000000000000219c        0x4 src/pebtides_time.c.12.o
 .bss.max_height
                0x00000000000021a0        0x4 src/pebtides_time.c.12.o
                0x00000000000021a0                max_height
 .bss.s_canvas_layer
                0x00000000000021a4        0x4 src/pebtides_time.c.12.o
 .bss.window    0x00000000000021a8        0x4 src/pebtides_time.c.12.o
 .bss.s_swell_ticks
                0x00000000000021ac        0x4 src/pebtides_time.c.12.o
 .bss.s_small_ticks
                0x00000000000021b0        0x4 src/pebtides_time.c.12.o
 .bss.s_hour_hand
                0x00000000000021b4        0x4 src/pebtides_time.c.12.o
 .bss.height_text
                0x00000000000021b8        0xa src/pebtides_time.c.12.o
 *fill*         0x00000000000021c2        0x2 
 .bss.s_large_ticks
                0x00000000000021c4        0x4 src/pebtides_time.c.12.o
 COMMON         0x00000000000021c8      0x10c src/pebtides_time.c.12.o
                0x00000000000021c8                wave_layer
                0x00000000000021cc                tide_event_text_layer
                0x00000000000021d0                surf_data
                0x00000000000021e4                current_height
                0x00000000000021e8                tide_data

DISCARD
 libc.a(*)
 libm.a(*)
 libgcc.a(*)
 *(.eh_frame)
OUTPUT(/Users/willemolding/Dropbox/Pebble/Pebtides_Time/Tideface/build/basalt/pebble-app.elf elf32-littlearm)

.ARM.attributes
                0x0000000000000000       0x27
 .ARM.attributes
                0x0000000000000000       0x19 /Users/willemolding/pebble-dev/arm-cs-tools/bin/../lib/gcc/arm-none-eabi/4.7.2/thumb2/crti.o
 .ARM.attributes
                0x0000000000000019       0x29 /Users/willemolding/pebble-dev/arm-cs-tools/bin/../lib/gcc/arm-none-eabi/4.7.2/thumb2/crtbegin.o
 .ARM.attributes
                0x0000000000000042       0x33 src/pebtides_time.c.12.o
 .ARM.attributes
                0x0000000000000075       0x33 src/tide_data.c.12.o
 .ARM.attributes
                0x00000000000000a8       0x33 basalt/appinfo.auto.c.12.o
 .ARM.attributes
                0x00000000000000db       0x21 /Users/willemolding/pebble-dev/PebbleSDK-3.6-dp2/Pebble/basalt/lib/libpebble.a(tmpts16sopebble.o)
 .ARM.attributes
                0x00000000000000fc       0x19 /Users/willemolding/pebble-dev/arm-cs-tools/bin/../lib/gcc/arm-none-eabi/4.7.2/thumb2/libgcc.a(_arm_addsubdf3.o)
 .ARM.attributes
                0x0000000000000115       0x19 /Users/willemolding/pebble-dev/arm-cs-tools/bin/../lib/gcc/arm-none-eabi/4.7.2/thumb2/libgcc.a(_arm_muldivdf3.o)
 .ARM.attributes
                0x000000000000012e       0x19 /Users/willemolding/pebble-dev/arm-cs-tools/bin/../lib/gcc/arm-none-eabi/4.7.2/thumb2/libgcc.a(_arm_fixdfsi.o)
 .ARM.attributes
                0x0000000000000147       0x19 /Users/willemolding/pebble-dev/arm-cs-tools/bin/../lib/gcc/arm-none-eabi/4.7.2/thumb2/libgcc.a(_arm_addsubsf3.o)
 .ARM.attributes
                0x0000000000000160       0x19 /Users/willemolding/pebble-dev/arm-cs-tools/bin/../lib/gcc/arm-none-eabi/4.7.2/thumb2/libgcc.a(_arm_muldivsf3.o)
 .ARM.attributes
                0x0000000000000179       0x19 /Users/willemolding/pebble-dev/arm-cs-tools/bin/../lib/gcc/arm-none-eabi/4.7.2/thumb2/libgcc.a(_arm_fixsfsi.o)
 .ARM.attributes
                0x0000000000000192       0x29 /Users/willemolding/pebble-dev/arm-cs-tools/bin/../lib/gcc/arm-none-eabi/4.7.2/thumb2/crtend.o
 .ARM.attributes
                0x00000000000001bb       0x19 /Users/willemolding/pebble-dev/arm-cs-tools/bin/../lib/gcc/arm-none-eabi/4.7.2/thumb2/crtn.o

.comment        0x0000000000000000       0x4e
 .comment       0x0000000000000000       0x4e /Users/willemolding/pebble-dev/arm-cs-tools/bin/../lib/gcc/arm-none-eabi/4.7.2/thumb2/crtbegin.o
                                         0x4f (size before relaxing)
 .comment       0x0000000000000000       0x4f src/pebtides_time.c.12.o
 .comment       0x0000000000000000       0x4f src/tide_data.c.12.o
 .comment       0x0000000000000000       0x4f basalt/appinfo.auto.c.12.o
 .comment       0x0000000000000000       0x4f /Users/willemolding/pebble-dev/arm-cs-tools/bin/../lib/gcc/arm-none-eabi/4.7.2/thumb2/crtend.o

.debug_info     0x0000000000000000     0x3442
 .debug_info    0x0000000000000000     0x2515 src/pebtides_time.c.12.o
 .debug_info    0x0000000000002515      0x791 src/tide_data.c.12.o
 .debug_info    0x0000000000002ca6      0x346 basalt/appinfo.auto.c.12.o
 .debug_info    0x0000000000002fec       0xb9 /Users/willemolding/pebble-dev/arm-cs-tools/bin/../lib/gcc/arm-none-eabi/4.7.2/thumb2/libgcc.a(_arm_addsubdf3.o)
 .debug_info    0x00000000000030a5       0xb9 /Users/willemolding/pebble-dev/arm-cs-tools/bin/../lib/gcc/arm-none-eabi/4.7.2/thumb2/libgcc.a(_arm_muldivdf3.o)
 .debug_info    0x000000000000315e       0xb9 /Users/willemolding/pebble-dev/arm-cs-tools/bin/../lib/gcc/arm-none-eabi/4.7.2/thumb2/libgcc.a(_arm_fixdfsi.o)
 .debug_info    0x0000000000003217       0xb9 /Users/willemolding/pebble-dev/arm-cs-tools/bin/../lib/gcc/arm-none-eabi/4.7.2/thumb2/libgcc.a(_arm_addsubsf3.o)
 .debug_info    0x00000000000032d0       0xb9 /Users/willemolding/pebble-dev/arm-cs-tools/bin/../lib/gcc/arm-none-eabi/4.7.2/thumb2/libgcc.a(_arm_muldivsf3.o)
 .debug_info    0x0000000000003389       0xb9 /Users/willemolding/pebble-dev/arm-cs-tools/bin/../lib/gcc/arm-none-eabi/4.7.2/thumb2/libgcc.a(_arm_fixsfsi.o)

.debug_abbrev   0x0000000000000000      0x7df
 .debug_abbrev  0x0000000000000000      0x4ba src/pebtides_time.c.12.o
 .debug_abbrev  0x00000000000004ba      0x20f src/tide_data.c.12.o
 .debug_abbrev  0x00000000000006c9       0x9e basalt/appinfo.auto.c.12.o
 .debug_abbrev  0x0000000000000767       0x14 /Users/willemolding/pebble-dev/arm-cs-tools/bin/../lib/gcc/arm-none-eabi/4.7.2/thumb2/libgcc.a(_arm_addsubdf3.o)
 .debug_abbrev  0x000000000000077b       0x14 /Users/willemolding/pebble-dev/arm-cs-tools/bin/../lib/gcc/arm-none-eabi/4.7.2/thumb2/libgcc.a(_arm_muldivdf3.o)
 .debug_abbrev  0x000000000000078f       0x14 /Users/willemolding/pebble-dev/arm-cs-tools/bin/../lib/gcc/arm-none-eabi/4.7.2/thumb2/libgcc.a(_arm_fixdfsi.o)
 .debug_abbrev  0x00000000000007a3       0x14 /Users/willemolding/pebble-dev/arm-cs-tools/bin/../lib/gcc/arm-none-eabi/4.7.2/thumb2/libgcc.a(_arm_addsubsf3.o)
 .debug_abbrev  0x00000000000007b7       0x14 /Users/willemolding/pebble-dev/arm-cs-tools/bin/../lib/gcc/arm-none-eabi/4.7.2/thumb2/libgcc.a(_arm_muldivsf3.o)
 .debug_abbrev  0x00000000000007cb       0x14 /Users/willemolding/pebble-dev/arm-cs-tools/bin/../lib/gcc/arm-none-eabi/4.7.2/thumb2/libgcc.a(_arm_fixsfsi.o)

.debug_loc      0x0000000000000000      0xb94
 .debug_loc     0x0000000000000000      0x775 src/pebtides_time.c.12.o
 .debug_loc     0x0000000000000775      0x41f src/tide_data.c.12.o

.debug_aranges  0x0000000000000000      0x1a8
 .debug_aranges
                0x0000000000000000       0x80 src/pebtides_time.c.12.o
 .debug_aranges
                0x0000000000000080       0x50 src/tide_data.c.12.o
 .debug_aranges
                0x00000000000000d0       0x18 basalt/appinfo.auto.c.12.o
 .debug_aranges
                0x00000000000000e8       0x20 /Users/willemolding/pebble-dev/arm-cs-tools/bin/../lib/gcc/arm-none-eabi/4.7.2/thumb2/libgcc.a(_arm_addsubdf3.o)
 .debug_aranges
                0x0000000000000108       0x20 /Users/willemolding/pebble-dev/arm-cs-tools/bin/../lib/gcc/arm-none-eabi/4.7.2/thumb2/libgcc.a(_arm_muldivdf3.o)
 .debug_aranges
                0x0000000000000128       0x20 /Users/willemolding/pebble-dev/arm-cs-tools/bin/../lib/gcc/arm-none-eabi/4.7.2/thumb2/libgcc.a(_arm_fixdfsi.o)
 .debug_aranges
                0x0000000000000148       0x20 /Users/willemolding/pebble-dev/arm-cs-tools/bin/../lib/gcc/arm-none-eabi/4.7.2/thumb2/libgcc.a(_arm_addsubsf3.o)
 .debug_aranges
                0x0000000000000168       0x20 /Users/willemolding/pebble-dev/arm-cs-tools/bin/../lib/gcc/arm-none-eabi/4.7.2/thumb2/libgcc.a(_arm_muldivsf3.o)
 .debug_aranges
                0x0000000000000188       0x20 /Users/willemolding/pebble-dev/arm-cs-tools/bin/../lib/gcc/arm-none-eabi/4.7.2/thumb2/libgcc.a(_arm_fixsfsi.o)

.debug_ranges   0x0000000000000000      0x1d0
 .debug_ranges  0x0000000000000000      0x178 src/pebtides_time.c.12.o
 .debug_ranges  0x0000000000000178       0x58 src/tide_data.c.12.o

.debug_line     0x0000000000000000     0x115c
 .debug_line    0x0000000000000000      0x590 src/pebtides_time.c.12.o
 .debug_line    0x0000000000000590      0x2ea src/tide_data.c.12.o
 .debug_line    0x000000000000087a      0x135 basalt/appinfo.auto.c.12.o
 .debug_line    0x00000000000009af      0x20a /Users/willemolding/pebble-dev/arm-cs-tools/bin/../lib/gcc/arm-none-eabi/4.7.2/thumb2/libgcc.a(_arm_addsubdf3.o)
 .debug_line    0x0000000000000bb9      0x226 /Users/willemolding/pebble-dev/arm-cs-tools/bin/../lib/gcc/arm-none-eabi/4.7.2/thumb2/libgcc.a(_arm_muldivdf3.o)
 .debug_line    0x0000000000000ddf       0x86 /Users/willemolding/pebble-dev/arm-cs-tools/bin/../lib/gcc/arm-none-eabi/4.7.2/thumb2/libgcc.a(_arm_fixdfsi.o)
 .debug_line    0x0000000000000e65      0x128 /Users/willemolding/pebble-dev/arm-cs-tools/bin/../lib/gcc/arm-none-eabi/4.7.2/thumb2/libgcc.a(_arm_addsubsf3.o)
 .debug_line    0x0000000000000f8d      0x149 /Users/willemolding/pebble-dev/arm-cs-tools/bin/../lib/gcc/arm-none-eabi/4.7.2/thumb2/libgcc.a(_arm_muldivsf3.o)
 .debug_line    0x00000000000010d6       0x86 /Users/willemolding/pebble-dev/arm-cs-tools/bin/../lib/gcc/arm-none-eabi/4.7.2/thumb2/libgcc.a(_arm_fixsfsi.o)

.debug_str      0x0000000000000000     0x13cf
 .debug_str     0x0000000000000000     0x1115 src/pebtides_time.c.12.o
                                       0x120f (size before relaxing)
 .debug_str     0x0000000000001115       0xad src/tide_data.c.12.o
                                        0x32c (size before relaxing)
 .debug_str     0x00000000000011c2      0x20d basalt/appinfo.auto.c.12.o
                                        0x3b4 (size before relaxing)

.debug_frame    0x0000000000000000      0x250
 .debug_frame   0x0000000000000000      0x184 src/pebtides_time.c.12.o
 .debug_frame   0x0000000000000184       0xcc src/tide_data.c.12.o
